[0.067s] DEBUG:colcon:Command line arguments: ['/usr/bin/colcon', 'list', '--base-paths', 'nvidia_jetson/ros_ws/src', '--names-only']
[0.067s] DEBUG:colcon:Parsed command line arguments: Namespace(log_base=None, log_level=None, verb_name='list', build_base='build', ignore_user_meta=False, metas=['./colcon.meta'], base_paths=['nvidia_jetson/ros_ws/src'], packages_ignore=None, packages_ignore_regex=None, paths=None, packages_up_to=None, packages_up_to_regex=None, packages_above=None, packages_above_and_dependencies=None, packages_above_depth=None, packages_select_by_dep=None, packages_skip_by_dep=None, packages_skip_up_to=None, packages_select_build_failed=False, packages_skip_build_finished=False, packages_select_test_failures=False, packages_skip_test_passed=False, packages_select=None, packages_skip=None, packages_select_regex=None, packages_skip_regex=None, packages_start=None, packages_end=None, allow_overriding=[], topological_order=False, names_only=True, paths_only=False, topological_graph=False, topological_graph_dot=False, topological_graph_density=False, topological_graph_legend=False, topological_graph_dot_cluster=False, topological_graph_dot_include_skipped=False, mixin_files=None, mixin=None, verb_parser=<colcon_mixin.mixin.mixin_argument.MixinArgumentDecorator object at 0x7009d9460dd0>, verb_extension=<colcon_package_information.verb.list.ListVerb object at 0x7009da31f110>, main=<bound method ListVerb.main of <colcon_package_information.verb.list.ListVerb object at 0x7009da31f110>>, mixin_verb=('list',))
[0.096s] Level 1:colcon.colcon_core.package_discovery:discover_packages(colcon_meta) check parameters
[0.097s] Level 1:colcon.colcon_core.package_discovery:discover_packages(recursive) check parameters
[0.097s] Level 1:colcon.colcon_core.package_discovery:discover_packages(ignore) check parameters
[0.097s] Level 1:colcon.colcon_core.package_discovery:discover_packages(path) check parameters
[0.097s] Level 1:colcon.colcon_core.package_discovery:discover_packages(recursive) discover
[0.097s] INFO:colcon.colcon_core.package_discovery:Crawling recursively for packages in '/home/andrewt/Repos/Emi-Mower/nvidia_jetson/ros_ws/src'
[0.097s] Level 1:colcon.colcon_core.package_identification:_identify(nvidia_jetson/ros_ws/src) by extensions ['ignore', 'ignore_ament_install']
[0.097s] Level 1:colcon.colcon_core.package_identification:_identify(nvidia_jetson/ros_ws/src) by extension 'ignore'
[0.097s] Level 1:colcon.colcon_core.package_identification:_identify(nvidia_jetson/ros_ws/src) by extension 'ignore_ament_install'
[0.097s] Level 1:colcon.colcon_core.package_identification:_identify(nvidia_jetson/ros_ws/src) by extensions ['colcon_pkg']
[0.097s] Level 1:colcon.colcon_core.package_identification:_identify(nvidia_jetson/ros_ws/src) by extension 'colcon_pkg'
[0.097s] Level 1:colcon.colcon_core.package_identification:_identify(nvidia_jetson/ros_ws/src) by extensions ['colcon_meta']
[0.097s] Level 1:colcon.colcon_core.package_identification:_identify(nvidia_jetson/ros_ws/src) by extension 'colcon_meta'
[0.097s] Level 1:colcon.colcon_core.package_identification:_identify(nvidia_jetson/ros_ws/src) by extensions ['ros']
[0.097s] Level 1:colcon.colcon_core.package_identification:_identify(nvidia_jetson/ros_ws/src) by extension 'ros'
[0.118s] Level 1:colcon.colcon_core.package_identification:_identify(nvidia_jetson/ros_ws/src) by extensions ['cmake', 'python']
[0.118s] Level 1:colcon.colcon_core.package_identification:_identify(nvidia_jetson/ros_ws/src) by extension 'cmake'
[0.118s] Level 1:colcon.colcon_core.package_identification:_identify(nvidia_jetson/ros_ws/src) by extension 'python'
[0.118s] Level 1:colcon.colcon_core.package_identification:_identify(nvidia_jetson/ros_ws/src) by extensions ['python_setup_py']
[0.118s] Level 1:colcon.colcon_core.package_identification:_identify(nvidia_jetson/ros_ws/src) by extension 'python_setup_py'
[0.118s] Level 1:colcon.colcon_core.package_identification:_identify(nvidia_jetson/ros_ws/src/depthai-ros) by extensions ['ignore', 'ignore_ament_install']
[0.119s] Level 1:colcon.colcon_core.package_identification:_identify(nvidia_jetson/ros_ws/src/depthai-ros) by extension 'ignore'
[0.119s] Level 1:colcon.colcon_core.package_identification:_identify(nvidia_jetson/ros_ws/src/depthai-ros) by extension 'ignore_ament_install'
[0.119s] Level 1:colcon.colcon_core.package_identification:_identify(nvidia_jetson/ros_ws/src/depthai-ros) by extensions ['colcon_pkg']
[0.119s] Level 1:colcon.colcon_core.package_identification:_identify(nvidia_jetson/ros_ws/src/depthai-ros) by extension 'colcon_pkg'
[0.119s] Level 1:colcon.colcon_core.package_identification:_identify(nvidia_jetson/ros_ws/src/depthai-ros) by extensions ['colcon_meta']
[0.119s] Level 1:colcon.colcon_core.package_identification:_identify(nvidia_jetson/ros_ws/src/depthai-ros) by extension 'colcon_meta'
[0.119s] Level 1:colcon.colcon_core.package_identification:_identify(nvidia_jetson/ros_ws/src/depthai-ros) by extensions ['ros']
[0.119s] Level 1:colcon.colcon_core.package_identification:_identify(nvidia_jetson/ros_ws/src/depthai-ros) by extension 'ros'
[0.119s] Level 1:colcon.colcon_core.package_identification:_identify(nvidia_jetson/ros_ws/src/depthai-ros) by extensions ['cmake', 'python']
[0.119s] Level 1:colcon.colcon_core.package_identification:_identify(nvidia_jetson/ros_ws/src/depthai-ros) by extension 'cmake'
[0.119s] Level 1:colcon.colcon_core.package_identification:_identify(nvidia_jetson/ros_ws/src/depthai-ros) by extension 'python'
[0.119s] Level 1:colcon.colcon_core.package_identification:_identify(nvidia_jetson/ros_ws/src/depthai-ros) by extensions ['python_setup_py']
[0.119s] Level 1:colcon.colcon_core.package_identification:_identify(nvidia_jetson/ros_ws/src/depthai-ros) by extension 'python_setup_py'
[0.119s] Level 1:colcon.colcon_core.package_identification:_identify(nvidia_jetson/ros_ws/src/depthai-ros/depthai-ros) by extensions ['ignore', 'ignore_ament_install']
[0.119s] Level 1:colcon.colcon_core.package_identification:_identify(nvidia_jetson/ros_ws/src/depthai-ros/depthai-ros) by extension 'ignore'
[0.119s] Level 1:colcon.colcon_core.package_identification:_identify(nvidia_jetson/ros_ws/src/depthai-ros/depthai-ros) by extension 'ignore_ament_install'
[0.119s] Level 1:colcon.colcon_core.package_identification:_identify(nvidia_jetson/ros_ws/src/depthai-ros/depthai-ros) by extensions ['colcon_pkg']
[0.119s] Level 1:colcon.colcon_core.package_identification:_identify(nvidia_jetson/ros_ws/src/depthai-ros/depthai-ros) by extension 'colcon_pkg'
[0.119s] Level 1:colcon.colcon_core.package_identification:_identify(nvidia_jetson/ros_ws/src/depthai-ros/depthai-ros) by extensions ['colcon_meta']
[0.119s] Level 1:colcon.colcon_core.package_identification:_identify(nvidia_jetson/ros_ws/src/depthai-ros/depthai-ros) by extension 'colcon_meta'
[0.119s] Level 1:colcon.colcon_core.package_identification:_identify(nvidia_jetson/ros_ws/src/depthai-ros/depthai-ros) by extensions ['ros']
[0.119s] Level 1:colcon.colcon_core.package_identification:_identify(nvidia_jetson/ros_ws/src/depthai-ros/depthai-ros) by extension 'ros'
[0.121s] DEBUG:colcon.colcon_core.package_identification:Package 'nvidia_jetson/ros_ws/src/depthai-ros/depthai-ros' with type 'ros.ament_cmake' and name 'depthai-ros'
[0.121s] Level 1:colcon.colcon_core.package_identification:_identify(nvidia_jetson/ros_ws/src/depthai-ros/depthai_bridge) by extensions ['ignore', 'ignore_ament_install']
[0.121s] Level 1:colcon.colcon_core.package_identification:_identify(nvidia_jetson/ros_ws/src/depthai-ros/depthai_bridge) by extension 'ignore'
[0.121s] Level 1:colcon.colcon_core.package_identification:_identify(nvidia_jetson/ros_ws/src/depthai-ros/depthai_bridge) by extension 'ignore_ament_install'
[0.121s] Level 1:colcon.colcon_core.package_identification:_identify(nvidia_jetson/ros_ws/src/depthai-ros/depthai_bridge) by extensions ['colcon_pkg']
[0.121s] Level 1:colcon.colcon_core.package_identification:_identify(nvidia_jetson/ros_ws/src/depthai-ros/depthai_bridge) by extension 'colcon_pkg'
[0.121s] Level 1:colcon.colcon_core.package_identification:_identify(nvidia_jetson/ros_ws/src/depthai-ros/depthai_bridge) by extensions ['colcon_meta']
[0.121s] Level 1:colcon.colcon_core.package_identification:_identify(nvidia_jetson/ros_ws/src/depthai-ros/depthai_bridge) by extension 'colcon_meta'
[0.121s] Level 1:colcon.colcon_core.package_identification:_identify(nvidia_jetson/ros_ws/src/depthai-ros/depthai_bridge) by extensions ['ros']
[0.121s] Level 1:colcon.colcon_core.package_identification:_identify(nvidia_jetson/ros_ws/src/depthai-ros/depthai_bridge) by extension 'ros'
[0.123s] DEBUG:colcon.colcon_core.package_identification:Package 'nvidia_jetson/ros_ws/src/depthai-ros/depthai_bridge' with type 'ros.ament_cmake' and name 'depthai_bridge'
[0.123s] Level 1:colcon.colcon_core.package_identification:_identify(nvidia_jetson/ros_ws/src/depthai-ros/depthai_descriptions) by extensions ['ignore', 'ignore_ament_install']
[0.123s] Level 1:colcon.colcon_core.package_identification:_identify(nvidia_jetson/ros_ws/src/depthai-ros/depthai_descriptions) by extension 'ignore'
[0.123s] Level 1:colcon.colcon_core.package_identification:_identify(nvidia_jetson/ros_ws/src/depthai-ros/depthai_descriptions) by extension 'ignore_ament_install'
[0.123s] Level 1:colcon.colcon_core.package_identification:_identify(nvidia_jetson/ros_ws/src/depthai-ros/depthai_descriptions) by extensions ['colcon_pkg']
[0.123s] Level 1:colcon.colcon_core.package_identification:_identify(nvidia_jetson/ros_ws/src/depthai-ros/depthai_descriptions) by extension 'colcon_pkg'
[0.123s] Level 1:colcon.colcon_core.package_identification:_identify(nvidia_jetson/ros_ws/src/depthai-ros/depthai_descriptions) by extensions ['colcon_meta']
[0.123s] Level 1:colcon.colcon_core.package_identification:_identify(nvidia_jetson/ros_ws/src/depthai-ros/depthai_descriptions) by extension 'colcon_meta'
[0.123s] Level 1:colcon.colcon_core.package_identification:_identify(nvidia_jetson/ros_ws/src/depthai-ros/depthai_descriptions) by extensions ['ros']
[0.123s] Level 1:colcon.colcon_core.package_identification:_identify(nvidia_jetson/ros_ws/src/depthai-ros/depthai_descriptions) by extension 'ros'
[0.123s] DEBUG:colcon.colcon_core.package_identification:Package 'nvidia_jetson/ros_ws/src/depthai-ros/depthai_descriptions' with type 'ros.ament_cmake' and name 'depthai_descriptions'
[0.123s] Level 1:colcon.colcon_core.package_identification:_identify(nvidia_jetson/ros_ws/src/depthai-ros/depthai_examples) by extensions ['ignore', 'ignore_ament_install']
[0.123s] Level 1:colcon.colcon_core.package_identification:_identify(nvidia_jetson/ros_ws/src/depthai-ros/depthai_examples) by extension 'ignore'
[0.123s] Level 1:colcon.colcon_core.package_identification:_identify(nvidia_jetson/ros_ws/src/depthai-ros/depthai_examples) by extension 'ignore_ament_install'
[0.123s] Level 1:colcon.colcon_core.package_identification:_identify(nvidia_jetson/ros_ws/src/depthai-ros/depthai_examples) by extensions ['colcon_pkg']
[0.123s] Level 1:colcon.colcon_core.package_identification:_identify(nvidia_jetson/ros_ws/src/depthai-ros/depthai_examples) by extension 'colcon_pkg'
[0.123s] Level 1:colcon.colcon_core.package_identification:_identify(nvidia_jetson/ros_ws/src/depthai-ros/depthai_examples) by extensions ['colcon_meta']
[0.123s] Level 1:colcon.colcon_core.package_identification:_identify(nvidia_jetson/ros_ws/src/depthai-ros/depthai_examples) by extension 'colcon_meta'
[0.124s] Level 1:colcon.colcon_core.package_identification:_identify(nvidia_jetson/ros_ws/src/depthai-ros/depthai_examples) by extensions ['ros']
[0.124s] Level 1:colcon.colcon_core.package_identification:_identify(nvidia_jetson/ros_ws/src/depthai-ros/depthai_examples) by extension 'ros'
[0.125s] DEBUG:colcon.colcon_core.package_identification:Package 'nvidia_jetson/ros_ws/src/depthai-ros/depthai_examples' with type 'ros.ament_cmake' and name 'depthai_examples'
[0.125s] Level 1:colcon.colcon_core.package_identification:_identify(nvidia_jetson/ros_ws/src/depthai-ros/depthai_filters) by extensions ['ignore', 'ignore_ament_install']
[0.125s] Level 1:colcon.colcon_core.package_identification:_identify(nvidia_jetson/ros_ws/src/depthai-ros/depthai_filters) by extension 'ignore'
[0.125s] Level 1:colcon.colcon_core.package_identification:_identify(nvidia_jetson/ros_ws/src/depthai-ros/depthai_filters) by extension 'ignore_ament_install'
[0.125s] Level 1:colcon.colcon_core.package_identification:_identify(nvidia_jetson/ros_ws/src/depthai-ros/depthai_filters) by extensions ['colcon_pkg']
[0.125s] Level 1:colcon.colcon_core.package_identification:_identify(nvidia_jetson/ros_ws/src/depthai-ros/depthai_filters) by extension 'colcon_pkg'
[0.125s] Level 1:colcon.colcon_core.package_identification:_identify(nvidia_jetson/ros_ws/src/depthai-ros/depthai_filters) by extensions ['colcon_meta']
[0.125s] Level 1:colcon.colcon_core.package_identification:_identify(nvidia_jetson/ros_ws/src/depthai-ros/depthai_filters) by extension 'colcon_meta'
[0.125s] Level 1:colcon.colcon_core.package_identification:_identify(nvidia_jetson/ros_ws/src/depthai-ros/depthai_filters) by extensions ['ros']
[0.125s] Level 1:colcon.colcon_core.package_identification:_identify(nvidia_jetson/ros_ws/src/depthai-ros/depthai_filters) by extension 'ros'
[0.125s] DEBUG:colcon.colcon_core.package_identification:Package 'nvidia_jetson/ros_ws/src/depthai-ros/depthai_filters' with type 'ros.ament_cmake' and name 'depthai_filters'
[0.126s] Level 1:colcon.colcon_core.package_identification:_identify(nvidia_jetson/ros_ws/src/depthai-ros/depthai_ros_driver) by extensions ['ignore', 'ignore_ament_install']
[0.126s] Level 1:colcon.colcon_core.package_identification:_identify(nvidia_jetson/ros_ws/src/depthai-ros/depthai_ros_driver) by extension 'ignore'
[0.126s] Level 1:colcon.colcon_core.package_identification:_identify(nvidia_jetson/ros_ws/src/depthai-ros/depthai_ros_driver) by extension 'ignore_ament_install'
[0.126s] Level 1:colcon.colcon_core.package_identification:_identify(nvidia_jetson/ros_ws/src/depthai-ros/depthai_ros_driver) by extensions ['colcon_pkg']
[0.126s] Level 1:colcon.colcon_core.package_identification:_identify(nvidia_jetson/ros_ws/src/depthai-ros/depthai_ros_driver) by extension 'colcon_pkg'
[0.126s] Level 1:colcon.colcon_core.package_identification:_identify(nvidia_jetson/ros_ws/src/depthai-ros/depthai_ros_driver) by extensions ['colcon_meta']
[0.126s] Level 1:colcon.colcon_core.package_identification:_identify(nvidia_jetson/ros_ws/src/depthai-ros/depthai_ros_driver) by extension 'colcon_meta'
[0.126s] Level 1:colcon.colcon_core.package_identification:_identify(nvidia_jetson/ros_ws/src/depthai-ros/depthai_ros_driver) by extensions ['ros']
[0.126s] Level 1:colcon.colcon_core.package_identification:_identify(nvidia_jetson/ros_ws/src/depthai-ros/depthai_ros_driver) by extension 'ros'
[0.127s] DEBUG:colcon.colcon_core.package_identification:Package 'nvidia_jetson/ros_ws/src/depthai-ros/depthai_ros_driver' with type 'ros.ament_cmake' and name 'depthai_ros_driver'
[0.127s] Level 1:colcon.colcon_core.package_identification:_identify(nvidia_jetson/ros_ws/src/depthai-ros/depthai_ros_msgs) by extensions ['ignore', 'ignore_ament_install']
[0.127s] Level 1:colcon.colcon_core.package_identification:_identify(nvidia_jetson/ros_ws/src/depthai-ros/depthai_ros_msgs) by extension 'ignore'
[0.127s] Level 1:colcon.colcon_core.package_identification:_identify(nvidia_jetson/ros_ws/src/depthai-ros/depthai_ros_msgs) by extension 'ignore_ament_install'
[0.127s] Level 1:colcon.colcon_core.package_identification:_identify(nvidia_jetson/ros_ws/src/depthai-ros/depthai_ros_msgs) by extensions ['colcon_pkg']
[0.127s] Level 1:colcon.colcon_core.package_identification:_identify(nvidia_jetson/ros_ws/src/depthai-ros/depthai_ros_msgs) by extension 'colcon_pkg'
[0.127s] Level 1:colcon.colcon_core.package_identification:_identify(nvidia_jetson/ros_ws/src/depthai-ros/depthai_ros_msgs) by extensions ['colcon_meta']
[0.127s] Level 1:colcon.colcon_core.package_identification:_identify(nvidia_jetson/ros_ws/src/depthai-ros/depthai_ros_msgs) by extension 'colcon_meta'
[0.128s] Level 1:colcon.colcon_core.package_identification:_identify(nvidia_jetson/ros_ws/src/depthai-ros/depthai_ros_msgs) by extensions ['ros']
[0.128s] Level 1:colcon.colcon_core.package_identification:_identify(nvidia_jetson/ros_ws/src/depthai-ros/depthai_ros_msgs) by extension 'ros'
[0.128s] DEBUG:colcon.colcon_core.package_identification:Package 'nvidia_jetson/ros_ws/src/depthai-ros/depthai_ros_msgs' with type 'ros.ament_cmake' and name 'depthai_ros_msgs'
[0.128s] Level 1:colcon.colcon_core.package_identification:_identify(nvidia_jetson/ros_ws/src/emi_mower_bringup) by extensions ['ignore', 'ignore_ament_install']
[0.128s] Level 1:colcon.colcon_core.package_identification:_identify(nvidia_jetson/ros_ws/src/emi_mower_bringup) by extension 'ignore'
[0.128s] Level 1:colcon.colcon_core.package_identification:_identify(nvidia_jetson/ros_ws/src/emi_mower_bringup) by extension 'ignore_ament_install'
[0.128s] Level 1:colcon.colcon_core.package_identification:_identify(nvidia_jetson/ros_ws/src/emi_mower_bringup) by extensions ['colcon_pkg']
[0.128s] Level 1:colcon.colcon_core.package_identification:_identify(nvidia_jetson/ros_ws/src/emi_mower_bringup) by extension 'colcon_pkg'
[0.128s] Level 1:colcon.colcon_core.package_identification:_identify(nvidia_jetson/ros_ws/src/emi_mower_bringup) by extensions ['colcon_meta']
[0.128s] Level 1:colcon.colcon_core.package_identification:_identify(nvidia_jetson/ros_ws/src/emi_mower_bringup) by extension 'colcon_meta'
[0.128s] Level 1:colcon.colcon_core.package_identification:_identify(nvidia_jetson/ros_ws/src/emi_mower_bringup) by extensions ['ros']
[0.128s] Level 1:colcon.colcon_core.package_identification:_identify(nvidia_jetson/ros_ws/src/emi_mower_bringup) by extension 'ros'
[0.129s] DEBUG:colcon.colcon_core.package_identification:Package 'nvidia_jetson/ros_ws/src/emi_mower_bringup' with type 'ros.ament_cmake' and name 'emi_mower_bringup'
[0.129s] Level 1:colcon.colcon_core.package_identification:_identify(nvidia_jetson/ros_ws/src/emi_mower_py) by extensions ['ignore', 'ignore_ament_install']
[0.129s] Level 1:colcon.colcon_core.package_identification:_identify(nvidia_jetson/ros_ws/src/emi_mower_py) by extension 'ignore'
[0.129s] Level 1:colcon.colcon_core.package_identification:_identify(nvidia_jetson/ros_ws/src/emi_mower_py) by extension 'ignore_ament_install'
[0.129s] Level 1:colcon.colcon_core.package_identification:_identify(nvidia_jetson/ros_ws/src/emi_mower_py) by extensions ['colcon_pkg']
[0.129s] Level 1:colcon.colcon_core.package_identification:_identify(nvidia_jetson/ros_ws/src/emi_mower_py) by extension 'colcon_pkg'
[0.129s] Level 1:colcon.colcon_core.package_identification:_identify(nvidia_jetson/ros_ws/src/emi_mower_py) by extensions ['colcon_meta']
[0.129s] Level 1:colcon.colcon_core.package_identification:_identify(nvidia_jetson/ros_ws/src/emi_mower_py) by extension 'colcon_meta'
[0.129s] Level 1:colcon.colcon_core.package_identification:_identify(nvidia_jetson/ros_ws/src/emi_mower_py) by extensions ['ros']
[0.129s] Level 1:colcon.colcon_core.package_identification:_identify(nvidia_jetson/ros_ws/src/emi_mower_py) by extension 'ros'
[0.129s] DEBUG:colcon.colcon_core.package_identification:Package 'nvidia_jetson/ros_ws/src/emi_mower_py' with type 'ros.ament_python' and name 'emi_mower_py'
[0.129s] Level 1:colcon.colcon_core.package_identification:_identify(nvidia_jetson/ros_ws/src/emi_mower_rust) by extensions ['ignore', 'ignore_ament_install']
[0.129s] Level 1:colcon.colcon_core.package_identification:_identify(nvidia_jetson/ros_ws/src/emi_mower_rust) by extension 'ignore'
[0.129s] Level 1:colcon.colcon_core.package_identification:_identify(nvidia_jetson/ros_ws/src/emi_mower_rust) by extension 'ignore_ament_install'
[0.130s] Level 1:colcon.colcon_core.package_identification:_identify(nvidia_jetson/ros_ws/src/emi_mower_rust) by extensions ['colcon_pkg']
[0.130s] Level 1:colcon.colcon_core.package_identification:_identify(nvidia_jetson/ros_ws/src/emi_mower_rust) by extension 'colcon_pkg'
[0.130s] Level 1:colcon.colcon_core.package_identification:_identify(nvidia_jetson/ros_ws/src/emi_mower_rust) by extensions ['colcon_meta']
[0.130s] Level 1:colcon.colcon_core.package_identification:_identify(nvidia_jetson/ros_ws/src/emi_mower_rust) by extension 'colcon_meta'
[0.130s] Level 1:colcon.colcon_core.package_identification:_identify(nvidia_jetson/ros_ws/src/emi_mower_rust) by extensions ['ros']
[0.130s] Level 1:colcon.colcon_core.package_identification:_identify(nvidia_jetson/ros_ws/src/emi_mower_rust) by extension 'ros'
[0.130s] DEBUG:colcon.colcon_core.package_identification:Package 'nvidia_jetson/ros_ws/src/emi_mower_rust' with type 'ros.ament_cmake' and name 'emi_mower_rust'
[0.130s] Level 1:colcon.colcon_core.package_identification:_identify(nvidia_jetson/ros_ws/src/sllidar_ros2) by extensions ['ignore', 'ignore_ament_install']
[0.130s] Level 1:colcon.colcon_core.package_identification:_identify(nvidia_jetson/ros_ws/src/sllidar_ros2) by extension 'ignore'
[0.131s] Level 1:colcon.colcon_core.package_identification:_identify(nvidia_jetson/ros_ws/src/sllidar_ros2) by extension 'ignore_ament_install'
[0.131s] Level 1:colcon.colcon_core.package_identification:_identify(nvidia_jetson/ros_ws/src/sllidar_ros2) by extensions ['colcon_pkg']
[0.131s] Level 1:colcon.colcon_core.package_identification:_identify(nvidia_jetson/ros_ws/src/sllidar_ros2) by extension 'colcon_pkg'
[0.131s] Level 1:colcon.colcon_core.package_identification:_identify(nvidia_jetson/ros_ws/src/sllidar_ros2) by extensions ['colcon_meta']
[0.131s] Level 1:colcon.colcon_core.package_identification:_identify(nvidia_jetson/ros_ws/src/sllidar_ros2) by extension 'colcon_meta'
[0.131s] Level 1:colcon.colcon_core.package_identification:_identify(nvidia_jetson/ros_ws/src/sllidar_ros2) by extensions ['ros']
[0.131s] Level 1:colcon.colcon_core.package_identification:_identify(nvidia_jetson/ros_ws/src/sllidar_ros2) by extension 'ros'
[0.131s] DEBUG:colcon.colcon_core.package_identification:Package 'nvidia_jetson/ros_ws/src/sllidar_ros2' with type 'ros.ament_cmake' and name 'sllidar_ros2'
[0.131s] Level 1:colcon.colcon_core.package_discovery:discover_packages(recursive) using defaults
